<html>
<body>
<pre>
<h1>µVision Build Log</h1>
<h2>Tool Versions:</h2>
IDE-Version: uVision V5.29.0.0
Copyright (C) 2019 ARM Ltd and ARM Germany GmbH. All rights reserved.
License Information: shuai xu, university, LIC=D0D7S-L7HGZ-LQ30Q-N0MZN-16VJT-UHQ35
 
Tool Versions:
Toolchain:       MDK-ARM Plus  Version: 5.29.0.0
Toolchain Path:  C:\Keil_v5\ARM\ARMCC\Bin
C Compiler:      Armcc.exe V5.06 update 6 (build 750)
Assembler:       Armasm.exe V5.06 update 6 (build 750)
Linker/Locator:  ArmLink.exe V5.06 update 6 (build 750)
Library Manager: ArmAr.exe V5.06 update 6 (build 750)
Hex Converter:   FromElf.exe V5.06 update 6 (build 750)
CPU DLL:         SARMCM3.DLL V5.29.0.0
Dialog DLL:      DCM.DLL V1.17.3.0
Target DLL:      Segger\JL2CM3.dll V2.99.36.0
Dialog DLL:      TCM.DLL V1.36.5.0
 
<h2>Project:</h2>
e:\STM\3.Practice\GPS\gps.uvprojx
Project File Date:  05/22/2020

<h2>Output:</h2>
*** Using Compiler 'V5.06 update 6 (build 750)', folder: 'C:\Keil_v5\ARM\ARMCC\Bin'
Build target 'Target 1'
compiling gps.c...
USER\gps.c(91): warning:  #167-D: argument of type "char *" is incompatible with parameter of type "unsigned char *"
      OLED_ShowString(32,16,integer,16);
USER\gps.c(93): warning:  #167-D: argument of type "char *" is incompatible with parameter of type "unsigned char *"
      OLED_ShowString(72,16,fra,16);
USER\gps.c(103): warning:  #175-D: subscript out of range
      fra[3]='\0';
USER\gps.c(104): warning:  #167-D: argument of type "char *" is incompatible with parameter of type "unsigned char *"
      OLED_ShowString(32,32,integer,16);
USER\gps.c(106): warning:  #167-D: argument of type "char *" is incompatible with parameter of type "unsigned char *"
      OLED_ShowString(64,32,fra,16);
USER\gps.c(143): warning:  #520-D: initialization with "{...}" expected for aggregate object
      char height[7]='\0';
USER\gps.c(170): warning:  #167-D: argument of type "char *" is incompatible with parameter of type "unsigned char *"
          OLED_ShowString(32,48,height,16);
USER\gps.c(109): warning: C4488E: write to variable 'fra' with offset out of bounds
}
USER\gps.c: 8 warnings, 0 errors
linking...
Program Size: Code=5080 RO-data=6416 RW-data=376 ZI-data=3312  
".\Objects\gps.axf" - 0 Error(s), 8 Warning(s).

<h2>Software Packages used:</h2>

Package Vendor: Keil
                http://www.keil.com/pack/Keil.STM32F1xx_DFP.2.3.0.pack
                Keil.STM32F1xx_DFP.2.3.0
                STMicroelectronics STM32F1 Series Device Support, Drivers and Examples

<h2>Collection of Component include folders:</h2>
  .\RTE\_Target_1
  C:\Users\28378\AppData\Local\Arm\Packs\Keil\STM32F1xx_DFP\2.3.0\Device\Include

<h2>Collection of Component Files used:</h2>
Build Time Elapsed:  00:00:03
</pre>
</body>
</html>
